../Core/Src/main.c:116:1:__io_putchar	1
../Core/Src/main.c:132:5:main	6
../Core/Src/main.c:266:6:SystemClock_Config	3
../Core/Src/main.c:314:13:MX_I2C1_Init	2
../Core/Src/main.c:348:13:MX_USART1_UART_Init	2
../Core/Src/main.c:381:13:MX_USART2_UART_Init	2
../Core/Src/main.c:414:13:MX_GPIO_Init	1
../Core/Src/main.c:450:6:HAL_UART_RxCpltCallback	5
../Core/Src/main.c:481:5:trocear_gga	5
../Core/Src/main.c:503:8:nmea_a_decimal	4
../Core/Src/main.c:521:6:parsear_gngga	4
../Core/Src/main.c:553:6:Error_Handler	1
