../Core/Src/main.c:115:1:__io_putchar	16	static
../Core/Src/main.c:131:5:main	80	static
../Core/Src/main.c:265:6:SystemClock_Config	88	static
../Core/Src/main.c:313:13:MX_I2C1_Init	8	static
../Core/Src/main.c:347:13:MX_USART1_UART_Init	8	static
../Core/Src/main.c:380:13:MX_USART2_UART_Init	8	static
../Core/Src/main.c:413:13:MX_GPIO_Init	48	static
../Core/Src/main.c:449:6:HAL_UART_RxCpltCallback	24	static
../Core/Src/main.c:480:5:trocear_gga	32	static
../Core/Src/main.c:502:8:nmea_a_decimal	64	static
../Core/Src/main.c:520:6:parsear_gngga	88	static
../Core/Src/main.c:552:6:Error_Handler	4	static,ignoring_inline_asm
