../Core/Src/main.c:115:1:__io_putchar	1
../Core/Src/main.c:131:5:main	6
../Core/Src/main.c:265:6:SystemClock_Config	3
../Core/Src/main.c:313:13:MX_I2C1_Init	2
../Core/Src/main.c:347:13:MX_USART1_UART_Init	2
../Core/Src/main.c:380:13:MX_USART2_UART_Init	2
../Core/Src/main.c:413:13:MX_GPIO_Init	1
../Core/Src/main.c:449:6:HAL_UART_RxCpltCallback	5
../Core/Src/main.c:480:5:trocear_gga	5
../Core/Src/main.c:502:8:nmea_a_decimal	4
../Core/Src/main.c:520:6:parsear_gngga	4
../Core/Src/main.c:552:6:Error_Handler	1
