../Core/Src/main.c:116:1:__io_putchar	16	static
../Core/Src/main.c:132:5:main	80	static
../Core/Src/main.c:266:6:SystemClock_Config	88	static
../Core/Src/main.c:314:13:MX_I2C1_Init	8	static
../Core/Src/main.c:348:13:MX_USART1_UART_Init	8	static
../Core/Src/main.c:381:13:MX_USART2_UART_Init	8	static
../Core/Src/main.c:414:13:MX_GPIO_Init	48	static
../Core/Src/main.c:450:6:HAL_UART_RxCpltCallback	24	static
../Core/Src/main.c:481:5:trocear_gga	32	static
../Core/Src/main.c:503:8:nmea_a_decimal	64	static
../Core/Src/main.c:521:6:parsear_gngga	88	static
../Core/Src/main.c:553:6:Error_Handler	4	static,ignoring_inline_asm
